                                      1 ;--------------------------------------------------------
                                      2 ; File Created by SDCC : free open source ANSI-C Compiler
                                      3 ; Version 3.7.0 #10231 (Linux)
                                      4 ;--------------------------------------------------------
                                      5 	.module spi
                                      6 	.optsdcc -mstm8
                                      7 	
                                      8 ;--------------------------------------------------------
                                      9 ; Public variables in this module
                                     10 ;--------------------------------------------------------
                                     11 	.globl _SPI_init
                                     12 	.globl _SPI_read
                                     13 	.globl _SPI_write
                                     14 ;--------------------------------------------------------
                                     15 ; ram data
                                     16 ;--------------------------------------------------------
                                     17 	.area DATA
                                     18 ;--------------------------------------------------------
                                     19 ; ram data
                                     20 ;--------------------------------------------------------
                                     21 	.area INITIALIZED
                                     22 ;--------------------------------------------------------
                                     23 ; absolute external ram data
                                     24 ;--------------------------------------------------------
                                     25 	.area DABS (ABS)
                                     26 ;--------------------------------------------------------
                                     27 ; global & static initialisations
                                     28 ;--------------------------------------------------------
                                     29 	.area HOME
                                     30 	.area GSINIT
                                     31 	.area GSFINAL
                                     32 	.area GSINIT
                                     33 ;--------------------------------------------------------
                                     34 ; Home
                                     35 ;--------------------------------------------------------
                                     36 	.area HOME
                                     37 	.area HOME
                                     38 ;--------------------------------------------------------
                                     39 ; code
                                     40 ;--------------------------------------------------------
                                     41 	.area CODE
                                     42 ;	../src/spi.c: 4: void SPI_init() {
                                     43 ;	-----------------------------------------
                                     44 ;	 function SPI_init
                                     45 ;	-----------------------------------------
      000000                         46 _SPI_init:
                                     47 ;	../src/spi.c: 5: SPI->CR1 = SPI_CR1_MSTR | SPI_CR1_SPE | (5 << 4);
      000000 35 54 52 00      [ 1]   48 	mov	0x5200+0, #0x54
                                     49 ;	../src/spi.c: 6: SPI->CR2 = SPI_CR2_SSM | SPI_CR2_SSI | SPI_CR2_BDM | SPI_CR2_BDOE;
      000004 35 C3 52 01      [ 1]   50 	mov	0x5201+0, #0xc3
                                     51 ;	../src/spi.c: 7: }
      000008 81               [ 4]   52 	ret
                                     53 ;	../src/spi.c: 9: uint8_t SPI_read() {
                                     54 ;	-----------------------------------------
                                     55 ;	 function SPI_read
                                     56 ;	-----------------------------------------
      000009                         57 _SPI_read:
                                     58 ;	../src/spi.c: 10: SPI_write(0xFF);
      000009 4B FF            [ 1]   59 	push	#0xff
      00000B CDr00r19         [ 4]   60 	call	_SPI_write
      00000E 84               [ 1]   61 	pop	a
                                     62 ;	../src/spi.c: 11: while (!(SPI->SR & SPI_SR_RXNE));
      00000F                         63 00101$:
      00000F C6 52 03         [ 1]   64 	ld	a, 0x5203
      000012 44               [ 1]   65 	srl	a
      000013 24 FA            [ 1]   66 	jrnc	00101$
                                     67 ;	../src/spi.c: 12: return SPI->DR;
      000015 C6 52 04         [ 1]   68 	ld	a, 0x5204
                                     69 ;	../src/spi.c: 13: }
      000018 81               [ 4]   70 	ret
                                     71 ;	../src/spi.c: 15: void SPI_write(uint8_t data) {
                                     72 ;	-----------------------------------------
                                     73 ;	 function SPI_write
                                     74 ;	-----------------------------------------
      000019                         75 _SPI_write:
                                     76 ;	../src/spi.c: 16: SPI->DR = data;
      000019 AE 52 04         [ 2]   77 	ldw	x, #0x5204
      00001C 7B 03            [ 1]   78 	ld	a, (0x03, sp)
      00001E F7               [ 1]   79 	ld	(x), a
                                     80 ;	../src/spi.c: 17: while (!(SPI->SR & SPI_SR_TXE));
      00001F                         81 00101$:
      00001F C6 52 03         [ 1]   82 	ld	a, 0x5203
      000022 A5 02            [ 1]   83 	bcp	a, #0x02
      000024 27 F9            [ 1]   84 	jreq	00101$
                                     85 ;	../src/spi.c: 18: }
      000026 81               [ 4]   86 	ret
                                     87 	.area CODE
                                     88 	.area INITIALIZER
                                     89 	.area CABS (ABS)
